[www.hemstedt.de/en/index.html]
[external.html]
[backblue.gif]
[fade.gif]
[index.html]
[www.hemstedt.de/typo3conf/ext/jfmulticontent/res/tx_jfmulticontent_pi1ebfc.css]
[www.hemstedt.de/typo3conf/ext/wv_sitepackage/Resources/Public/Scripts/main1d27.css]
[www.hemstedt.de/typo3conf/ext/wv_sitepackage/Resources/Public/JavaScript/Libs/klaro/css/klaro-hemstedtaa2e.css]
[www.hemstedt.de/typo3conf/ext/wv_sitepackage/Resources/Public/JavaScript/Libs/jquery.minaa2e.js]
[www.hemstedt.de/typo3conf/ext/wv_sitepackage/Resources/Public/JavaScript/Libs/klaro/config.js]
[www.hemstedt.de/typo3conf/ext/wv_sitepackage/Resources/Public/JavaScript/Libs/klaro/klaro-no-css.js]
[www.hemstedt.de/fileadmin/files/layout/Logo-Hemstedt.png]
[www.hemstedt.de/fileadmin/user_upload/Fussbodenheizung_Wohlfuehlheizung.jpg]
[www.hemstedt.de/fileadmin/user_upload/Kuehlhaustechnik.jpg]
[www.hemstedt.de/en/company/about-hemstedt/index.html]
[www.hemstedt.de/fileadmin/user_upload/Baby_Fussbodenheizung.jpg]
[www.hemstedt.de/en/contact/index.html]
[www.hemstedt.de/en/service/data-sheets/index.html]
[www.hemstedt.de/en/products/hvac-and-building-appliances/index.html]
[www.hemstedt.de/fileadmin/user_upload/Heizleitungen_fuer_Weichen.jpg]
[www.hemstedt.de/fileadmin/user_upload/Rasenheizung_Stadion.jpg]
[www.hemstedt.de/fileadmin/user_upload/ATEX_Heizleitungen.jpg]
[www.hemstedt.de/en/company/environment-and-sustainability/index.html]
[www.hemstedt.de/fileadmin/user_upload/Frostschutz_Leitungen.jpg]
[www.hemstedt.de/fileadmin/user_upload/Freiflaechenheizung.jpg]
[www.hemstedt.de/en/unternehmen/umwelt-und-nachhaltigkeit/soziale-nachhaltigkeit/oekonomische-nachhaltigkeit/index.html]
[www.hemstedt.de/fileadmin/user_upload/Dachrinnenheizung.jpg]
[www.hemstedt.de/fileadmin/user_upload/Heizen_Und_Klimaschutz.jpg]
[www.hemstedt.de/fileadmin/user_upload/Betonheizmatten.jpg]
[www.hemstedt.de/en/unternehmen/umwelt-und-nachhaltigkeit/soziale-nachhaltigkeit/index.html]
[www.hemstedt.de/fileadmin/user_upload/Photovoltaik.jpg]
[www.hemstedt.de/fileadmin/user_upload/300_KinderAufGreen.jpg]
[www.hemstedt.de/en/unternehmen/umwelt-und-nachhaltigkeit/soziale-nachhaltigkeit/spenden/index.html]
[www.hemstedt.de/fileadmin/user_upload/300_Kuhlhaus.jpg]
[www.hemstedt.de/fileadmin/user_upload/300_Industrie.jpg]
[www.hemstedt.de/fileadmin/user_upload/4_ATEX.jpg]
[www.hemstedt.de/en/company/sponsoring/index.html]
[www.hemstedt.de/fileadmin/user_upload/5_Frostschutz.jpg]
[www.hemstedt.de/fileadmin/user_upload/300_Helikopter.jpg]
[www.hemstedt.de/en/company/green-electric-matreg-low-energy-heater/index.html]
[www.hemstedt.de/fileadmin/user_upload/1_Wohnzimmer.jpg]
[www.hemstedt.de/fileadmin/user_upload/130_Aussen.jpg]
[www.hemstedt.de/fileadmin/user_upload/2_ATEX.jpg]
[www.hemstedt.de/fileadmin/user_upload/4_Industrie.jpg]
[www.hemstedt.de/fileadmin/user_upload/5_Pool.jpg]
[www.hemstedt.de/fileadmin/user_upload/130_Wald.jpg]
[www.hemstedt.de/en/company/innovations/index.html]
[www.hemstedt.de/fileadmin/user_upload/130_Sport.jpg]
[www.hemstedt.de/fileadmin/user_upload/FrontsliderKuhlhaus2.jpg]
[www.hemstedt.de/fileadmin/user_upload/Weinbau128auf150.jpg]
[www.hemstedt.de/fileadmin/files/wasserstoff-brennstoffzelle-en.jpg]
[www.hemstedt.de/fileadmin/files/made-in-germany_en.jpg]
[www.hemstedt.de/en/company/certificates/index.html]
[www.hemstedt.de/en/company/model-house/index.html]
[www.hemstedt.de/fileadmin/user_upload/OEkostrom2.jpg]
[www.hemstedt.de/fileadmin/user_upload/renewableready_2.png]
[www.hemstedt.de/en/company/references/index.html]
[www.hemstedt.de/fileadmin/_processed_/f/9/csm_Zertifikatsuebergabe_1__FINAL_master_cut__VDE_86f456890f.jpg]
[www.hemstedt.de/fileadmin/user_upload/GBA22_HO_SPECIAL_MC_RGB.png]
[www.hemstedt.de/fileadmin/_processed_/0/b/csm_Hemstedt_Header_Regulierung_u_T_Elektronische_T_071354ad34.jpg]
[www.hemstedt.de/fileadmin/_processed_/7/2/csm_EGA_Label_Nominee_2022__003__0c94a5e23b.png]
[www.hemstedt.de/en/products/hvac-and-building-appliances/low-energy-heating/index.html]
[www.hemstedt.de/fileadmin/_processed_/a/8/csm_1.Stamp_5bac725c38.png]
[www.hemstedt.de/fileadmin/user_upload/csm_fussballer_mit_heizmatte_neu_2_00000_3a90f5033d.jpg]
[www.hemstedt.de/fileadmin/user_upload/csm_WIMA-Siegel_2022_frei_71ec48a419.png]
[www.hemstedt.de/en/products/hvac-and-building-appliances/low-energy-heating/green-electric-matreg-low-energy-heater/index.html]
[www.hemstedt.de/fileadmin/_processed_/6/4/csm_Weinberg_1_ec3566788d.jpg]
[www.hemstedt.de/fileadmin/_processed_/c/1/csm_Certificate_resources_SAVED_2020_a7f1b8e749.png]
[www.hemstedt.de/fileadmin/_processed_/0/0/csm_Heizmatte_GreenAccu_mit_Karton_84bf03e33d.jpg]
[www.hemstedt.de/fileadmin/_processed_/f/c/csm_10102019_Hemstedt_Green_c2a0e31e27.png]
[www.hemstedt.de/en/products/hvac-and-building-appliances/low-energy-heating/green-accu-matreg-energy-storage-heater/index.html]
[www.hemstedt.de/fileadmin/_processed_/3/d/csm_Kabel-blau_dynamisch_neu_1731c4c9ef.jpg]
[www.hemstedt.de/en/products/hvac-and-building-appliances/underfloor-heating/index.html]
[www.hemstedt.de/fileadmin/files/social-icons/facebook.png]
[www.hemstedt.de/fileadmin/files/social-icons/twitter.png]
[www.hemstedt.de/fileadmin/files/social-icons/youtube.png]
[www.hemstedt.de/typo3conf/ext/wv_sitepackage/Resources/Public/JavaScript/Libs/bootstrap.minaa2e.js]
[www.hemstedt.de/en/products/hvac-and-building-appliances/underfloor-heating/thin-bed-heating-mats/index.html]
[www.hemstedt.de/typo3conf/ext/wv_sitepackage/Resources/Public/JavaScript/Libs/jquery.responsiveimages.minaa2e.js]
[www.hemstedt.de/typo3conf/ext/wv_sitepackage/Resources/Public/JavaScript/jquery.mmenu.minaa2e.js]
[www.hemstedt.de/en/products/hvac-and-building-appliances/underfloor-heating/heating-mats-for-laminate-and-parquet/index.html]
[www.hemstedt.de/typo3conf/ext/wv_sitepackage/Resources/Public/JavaScript/Libs/hammer.minaa2e.js]
[www.hemstedt.de/en/products/hvac-and-building-appliances/underfloor-heating/concrete-heating-mats/index.html]
[www.hemstedt.de/typo3conf/ext/wv_sitepackage/Resources/Public/JavaScript/Libs/bootstrap.swipe.minaa2e.js]
[www.hemstedt.de/typo3conf/ext/wv_sitepackage/Resources/Public/JavaScript/Libs/bootstrap.lightbox.minaa2e.js]
[www.hemstedt.de/en/products/hvac-and-building-appliances/underfloor-heating/twin-turbo-mat-fast-heating/index.html]
[www.hemstedt.de/en/products/regulation-and-thermostats/index.html]
[www.hemstedt.de/en/products/hvac-and-building-appliances/underfloor-heating/bulk-stock/index.html]
[www.hemstedt.de/en/products/hvac-and-building-appliances/ceiling-heating/index.html]
[www.hemstedt.de/typo3conf/ext/wv_sitepackage/Resources/Public/JavaScript/Libs/bootstrap.navbartoggle.minaa2e.js]
[www.hemstedt.de/en/products/hvac-and-building-appliances/heating-cable/gsisi-silicone-heating-cable/index.html]
[www.hemstedt.de/typo3conf/ext/wv_sitepackage/Resources/Public/JavaScript/scriptsaa2e.js]
[www.hemstedt.de/typo3conf/ext/wv_sitepackage/Resources/Public/JavaScript/slick.minaa2e.js]
[www.hemstedt.de/en/index.html]
[www.hemstedt.de/en/products/hvac-and-building-appliances/d-coldreg-heating-mats-and-cables-for-outdoor-areas/index.html]
[www.hemstedt.de/en/products/hvac-and-building-appliances/trace-heating/index.html]
[www.hemstedt.de/en/products/hvac-and-building-appliances/trace-heating/heating-cable-with-thermostat/index.html]
[www.hemstedt.de/typo3conf/ext/jfmulticontent/res/tx_jfmulticontent_pi1ebfc.css]
[www.hemstedt.de/en/products/hvac-and-building-appliances/gutter-heating/index.html]
[www.hemstedt.de/en/products/hvac-and-building-appliances/roof-heating/index.html]
[www.hemstedt.de/typo3conf/ext/wv_sitepackage/Resources/Public/Scripts/5be1347c682810f199c7.eot]
[www.hemstedt.de/en/products/hvac-and-building-appliances/heating-cable/index.html]
[www.hemstedt.de/en/products/hvac-and-building-appliances/heating-cable/sh-silicone-heating-cable/index.html]
[www.hemstedt.de/en/products/hvac-and-building-appliances/under-soil-heating-for-stadia/index.html]
[www.hemstedt.de/typo3conf/ext/wv_sitepackage/Resources/Public/Scripts/5be1347c682810f199c7d41d.eot]
[www.hemstedt.de/en/products/cold-storage-technology/emergency-alarm-systems/index.html]
[www.hemstedt.de/en/products/cold-storage-technology/concrete-heating-mats/index.html]
[www.hemstedt.de/typo3conf/ext/wv_sitepackage/Resources/Public/Scripts/be810be3a3e14c682a25.woff2]
[www.hemstedt.de/en/products/cold-storage-technology/index.html]
[www.hemstedt.de/typo3conf/ext/wv_sitepackage/Resources/Public/Scripts/82b1212e45a2bc35dd73.woff]
[www.hemstedt.de/typo3conf/ext/wv_sitepackage/Resources/Public/Scripts/4692b9ec53fd5972caa2.ttf]
[www.hemstedt.de/en/products/cold-storage-technology/emergency-alarm-systems/emergency-call-devices/index.html]
[www.hemstedt.de/typo3conf/ext/wv_sitepackage/Resources/Public/Scripts/060b2710bdbbe3dfe48b.svg]
[www.hemstedt.de/en/products/cold-storage-technology/pressure-compensation-valves/index.html]
[www.hemstedt.de/en/products/cold-storage-technology/control-box/index.html]
[www.hemstedt.de/typo3conf/ext/wv_sitepackage/Resources/Public/Scripts/bc5f56a8b443e419fca7.eot]
[www.hemstedt.de/en/products/cold-storage-technology/under-soil-heating/index.html]
[www.hemstedt.de/typo3conf/ext/wv_sitepackage/Resources/Public/Scripts/bc5f56a8b443e419fca7d41d.eot]
[www.hemstedt.de/typo3conf/ext/wv_sitepackage/Resources/Public/Scripts/697d171d01ec6c1569dd.woff]
[www.hemstedt.de/en/products/cold-storage-technology/ready-made-heating-cables/frame-heating-for-deep-freeze-room-doors/index.html]
[www.hemstedt.de/typo3conf/ext/wv_sitepackage/Resources/Public/Scripts/f1f52515c12c0b558c5a.ttf]
[www.hemstedt.de/en/products/cold-storage-technology/ready-made-heating-cables/frame-heating-with-protective-braid/index.html]
[www.hemstedt.de/typo3conf/ext/wv_sitepackage/Resources/Public/Scripts/a834b1ccc6ffd79765a1.eot]
[www.hemstedt.de/typo3conf/ext/wv_sitepackage/Resources/Public/Scripts/a834b1ccc6ffd79765a1d41d.eot]
[www.hemstedt.de/en/products/cold-storage-technology/ready-made-heating-cables/frameheating-with-single-ended-connection/index.html]
[www.hemstedt.de/typo3conf/ext/wv_sitepackage/Resources/Public/Scripts/c868dda3e7d50e57995e.woff]
[www.hemstedt.de/typo3conf/ext/wv_sitepackage/Resources/Public/Scripts/ba937e924519d436e972.ttf]
[www.hemstedt.de/typo3conf/ext/wv_sitepackage/Resources/Public/Scripts/4d6323dac422a18f7e2d.eot]
[www.hemstedt.de/en/products/cold-storage-technology/ready-made-heating-cables/front-glass-heating-for-sales-counters/index.html]
[www.hemstedt.de/typo3conf/ext/wv_sitepackage/Resources/Public/Scripts/4d6323dac422a18f7e2dd41d.eot]
[www.hemstedt.de/en/products/cold-storage-technology/ready-made-heating-cables/frame-heating-for-deep-freeze-cells-and-refrigeration/index.html]
[www.hemstedt.de/typo3conf/ext/wv_sitepackage/Resources/Public/Scripts/fb557b47b54035f4cccd.woff]
[www.hemstedt.de/typo3conf/ext/wv_sitepackage/Resources/Public/Scripts/f5bc56b98615ac51412c.ttf]
[www.hemstedt.de/typo3conf/ext/wv_sitepackage/Resources/Public/Scripts/2af9e14fb84d66f7b718.eot]
[www.hemstedt.de/en/products/cold-storage-technology/ready-made-heating-cables/defrosting-water-heater/index.html]
[www.hemstedt.de/typo3conf/ext/wv_sitepackage/Resources/Public/Scripts/2af9e14fb84d66f7b718d41d.eot]
[www.hemstedt.de/typo3conf/ext/wv_sitepackage/Resources/Public/Scripts/7cb8a34d1eef8400db10.woff]
[www.hemstedt.de/typo3conf/ext/wv_sitepackage/Resources/Public/Scripts/933f5551ccdc314d5f38.ttf]
[www.hemstedt.de/typo3conf/ext/wv_sitepackage/Resources/Public/Scripts/33d31bb8bd12c7442cd3.svg]
[www.hemstedt.de/en/products/cold-storage-technology/ready-made-heating-cables/sleeveless-fluor-plastic-defrosting-water-heating/index.html]
[www.hemstedt.de/en/products/cold-storage-technology/ready-made-heating-cables/oil-preheater-for-compressors/index.html]
[www.hemstedt.de/typo3conf/ext/wv_sitepackage/Resources/Public/Scripts/79317675b47eb6439a7c.eot]
[www.hemstedt.de/typo3conf/ext/wv_sitepackage/Resources/Public/Scripts/79317675b47eb6439a7cd41d.eot]
[www.hemstedt.de/typo3conf/ext/wv_sitepackage/Resources/Public/Scripts/a6f6292b598508bde431.woff]
[www.hemstedt.de/en/products/agriculture-and-gardening/index.html]
[www.hemstedt.de/typo3conf/ext/wv_sitepackage/Resources/Public/Scripts/49de250988a4feb3bddf.ttf]
[www.hemstedt.de/typo3conf/ext/wv_sitepackage/Resources/Public/Scripts/fc26842555dd745396b2.eot]
[www.hemstedt.de/typo3conf/ext/wv_sitepackage/Resources/Public/Scripts/fc26842555dd745396b2d41d.eot]
[www.hemstedt.de/en/products/agriculture-and-gardening/frostprotection-wine-frost-control/index.html]
[www.hemstedt.de/typo3conf/ext/wv_sitepackage/Resources/Public/Scripts/7a4004f92a11aba2416a.woff]
[www.hemstedt.de/en/products/agriculture-and-gardening/drinking-trough-heater/index.html]
[www.hemstedt.de/typo3conf/ext/wv_sitepackage/Resources/Public/Scripts/edb795c25ce0cfcb3edb.ttf]
[www.hemstedt.de/typo3conf/ext/wv_sitepackage/Resources/Public/Scripts/9c8ae5bc889520898033.eot]
[www.hemstedt.de/en/products/agriculture-and-gardening/pond-heating/index.html]
[www.hemstedt.de/en/products/agriculture-and-gardening/winter-protection-for-plants/index.html]
[www.hemstedt.de/typo3conf/ext/wv_sitepackage/Resources/Public/Scripts/9c8ae5bc889520898033d41d.eot]
[www.hemstedt.de/typo3conf/ext/wv_sitepackage/Resources/Public/Scripts/7f5f78e27fb29fd38faa.woff]
[www.hemstedt.de/en/products/agriculture-and-gardening/stable-heating/index.html]
[www.hemstedt.de/typo3conf/ext/wv_sitepackage/Resources/Public/Scripts/99eb9337d836c223a18a.ttf]
[www.hemstedt.de/typo3conf/ext/wv_sitepackage/Resources/Public/Scripts/11d9fc04198ba0e8b0c0.gif]
[www.hemstedt.de/en/products/trades-and-industry/index.html]
[www.hemstedt.de/typo3conf/ext/wv_sitepackage/Resources/Public/Scripts/0c345830e6054b7587d9.gif]
[www.hemstedt.de/en/products/trades-and-industry/atex/index.html]
[www.hemstedt.de/typo3conf/ext/wv_sitepackage/Resources/Public/Scripts/e461534d7bb4168e5675.gif]
[www.hemstedt.de/typo3conf/ext/wv_sitepackage/Resources/Public/Scripts/3617e6067420def6da67.jpg]
[www.hemstedt.de/en/products/trades-and-industry/atex/atex-connection-sleeves/index.html]
[www.hemstedt.de/en/products/trades-and-industry/atex/trace-heating-cables-for-ex-areas/index.html]
[www.hemstedt.de/typo3conf/ext/wv_sitepackage/Resources/Public/Scripts/90430274bf79eac1f4c1.png]
[www.hemstedt.de/en/products/trades-and-industry/yard-goods/index.html]
[www.hemstedt.de/typo3conf/ext/wv_sitepackage/Resources/Public/Scripts/c707b40752f87be14672.png]
[www.hemstedt.de/en/products/trades-and-industry/yard-goods/heating-cables-product-range/index.html]
[www.hemstedt.de/typo3conf/ext/wv_sitepackage/Resources/Public/Scripts/c5ef71ec8457efb8dcae.png]
[www.hemstedt.de/typo3conf/ext/wv_sitepackage/Resources/Public/Scripts/81f6ec05dac4235fb737.png]
[www.hemstedt.de/en/products/regulation-and-thermostats/timer-controller/index.html]
[www.hemstedt.de/typo3conf/ext/wv_sitepackage/Resources/Public/Scripts/70ebcf622f03c349fc19.png]
[www.hemstedt.de/en/products/regulation-and-thermostats/point-scale-regulators/index.html]
[www.hemstedt.de/typo3conf/ext/wv_sitepackage/Resources/Public/Scripts/633a379fac28bad3cf65.png]
[www.hemstedt.de/en/products/regulation-and-thermostats/2-circuit-controller/index.html]
[www.hemstedt.de/typo3conf/ext/wv_sitepackage/Resources/Public/Scripts/d7474780bc8babc53b7a.png]
[www.hemstedt.de/typo3conf/ext/wv_sitepackage/Resources/Public/Scripts/3cc9569270781bea4c2c.png]
[www.hemstedt.de/typo3conf/ext/wv_sitepackage/Resources/Public/Scripts/854370f86171659bb618.png]
[www.hemstedt.de/en/products/regulation-and-thermostats/open-space-regulator-ice-warning-system/index.html]
[www.hemstedt.de/typo3conf/ext/wv_sitepackage/Resources/Public/Scripts/8de723f4ec6c4f251613.jpg]
[www.hemstedt.de/en/products/regulation-and-thermostats/frost-alarm/index.html]
[www.hemstedt.de/typo3conf/ext/wv_sitepackage/Resources/Public/Scripts/4f166fcd8e6012194f83.png]
[www.hemstedt.de/typo3conf/ext/wv_sitepackage/Resources/Public/Scripts/95d48ee8bd74a1746fa7.png]
[www.hemstedt.de/en/products/accessories/index.html]
[www.hemstedt.de/typo3conf/ext/wv_sitepackage/Resources/Public/Scripts/81beda70e90fc3fe8a6f.png]
[www.hemstedt.de/typo3conf/ext/wv_sitepackage/Resources/Public/Scripts/main1d27.css]
[www.hemstedt.de/typo3conf/ext/wv_sitepackage/Resources/Public/JavaScript/Libs/klaro/css/klaro-hemstedtaa2e.css]
[www.hemstedt.de/en/products/frost-protection/index.html]
[www.hemstedt.de/en/are-underfloor-heatings-harmful/index.html]
[www.hemstedt.de/en/electric-underfloor-heating-is-expensive/index.html]
[www.hemstedt.de/en/service/videos-1/index.html]
[www.hemstedt.de/fileadmin/_processed_/9/e/csm_shutterstock_1801696630_adf2cc674f.jpg]
[www.hemstedt.de/en/pros-and-cons-underfloor-heating/index.html]
[www.hemstedt.de/fileadmin/user_upload/History1_500.jpg]
[www.hemstedt.de/fileadmin/user_upload/Luftbild500.jpg]
[www.hemstedt.de/fileadmin/user_upload/zpdujK6A_2.jpg]
[www.hemstedt.de/en/creative-freedom-with-underfloor-heating/index.html]
[www.hemstedt.de/fileadmin/user_upload/zpdujK6A__3.jpg]
[www.hemstedt.de/fileadmin/_processed_/a/a/csm_GBA22_HO_WINNER_MC_RGB_e314338b4c.png]
[www.hemstedt.de/fileadmin/_processed_/7/2/csm_EGA_Label_Nominee_2022__003__6e80994a3a.png]
[www.hemstedt.de/fileadmin/_processed_/6/e/csm_csm_WIMA-Siegel_2022_frei_-_small_4a8912298d_7c2d552454.png]
[www.hemstedt.de/en/sustainable-and-future-oriented-oekostromplus-for-our-production/index.html]
[www.hemstedt.de/fileadmin/user_upload/Build_Award_logo_Klein.jpg]
[www.hemstedt.de/fileadmin/user_upload/Aug20492-2020_Real_Estate_and_Property_Winners_Logo.jpg]
[www.hemstedt.de/fileadmin/user_upload/ISH_Verleihung_Green_Award.jpg]
[www.hemstedt.de/fileadmin/user_upload/Industriepreis18.jpg]
[www.hemstedt.de/en/renewable-energies/index.html]
[www.hemstedt.de/fileadmin/user_upload/Top100Preisverleihung1000.jpg]
[www.hemstedt.de/fileadmin/user_upload/IndustriepreisUnternehmensseite16Breit.jpg]
[www.hemstedt.de/en/company/about-hemstedt/index.html]
[www.hemstedt.de/en/first-vde-certificate-according-to-new-device-standard/index.html]
[www.hemstedt.de/en/the-e-car-as-a-flexible-power-storage-unit/index.html]
[www.hemstedt.de/en/german-brand-award-2022/index.html]
[www.hemstedt.de/fileadmin/_processed_/7/2/csm_EGA_Label_Nominee_2022__003__02936f5581.png]
[www.hemstedt.de/fileadmin/_processed_/7/1/csm_Rohrbegleitheizung_mit_Hahn_Wand_b93c679ce6.jpg]
[www.hemstedt.de/en/hemstedt-energy-storage-heater-green-accu-mat-nominated-for-european-green-award-2022/index.html]
[www.hemstedt.de/fileadmin/_processed_/1/4/csm_1000_DachrinneNah_d2610554c8.jpg]
[www.hemstedt.de/en/the-european-patent-office-grants-patent-protection-on-the-vineyard-heating-system/index.html]
[www.hemstedt.de/fileadmin/user_upload/fussbodenheizung.jpg]
[www.hemstedt.de/fileadmin/_processed_/8/2/csm_HEM_Haustechnik_2020_2021_EN_ohnePreise-03-2021_144dpi-08-03-2021_Web_c8a1f0bb06.png]
[www.hemstedt.de/en/register.html]
[www.hemstedt.de/en/swabian-tinkering-in-botenheim/index.html]
[www.hemstedt.de/en/products/hvac-and-building-appliances/index.html]
[www.hemstedt.de/typo3conf/ext/jfmulticontent/res/jquery/js/jquery-ui-1.9.2.custom.minebfc.js]
[www.hemstedt.de/en/hemstedt-gmbh-receives-the-certification-wirtschaftsmagnet/index.html]
[www.hemstedt.de/fileadmin/user_upload/Header_Downloads2.jpg]
[www.hemstedt.de/en/service/data-sheets/index.html]
[www.hemstedt.de/en/reliably-protect-vineyards-from-frost-with-hem-systemr-wine-frost-control/index.html]
[www.hemstedt.de/en/hemstedt-trade-fair-calendar/index.html]
[www.hemstedt.de/en/sustainability-at-hemstedt/index.html]
[www.hemstedt.de/fileadmin/user_upload/Hemstedt_Header_LuftbildQuer.jpg]
[www.hemstedt.de/en/contact/index.html]
[www.hemstedt.de/en/imprint/index.html]
[www.hemstedt.de/en/terms-of-use/index.html]
[www.hemstedt.de/en/terms/index.html]
[www.hemstedt.de/fileadmin/_processed_/c/1/csm_Certificate_resources_SAVED_2020_a81d4efb96.png]
[www.hemstedt.de/fileadmin/_processed_/5/6/csm_shutterstock_1932365063_e0f54e9be8.jpg]
[www.hemstedt.de/en/inhaltsverzeichnis/index.html]
[www.hemstedt.de/fileadmin/user_upload/2021_socialmedia.png]
[www.hemstedt.de/en/datenschutz/index.html]
[www.hemstedt.de/fileadmin/_processed_/2/9/csm_Untitled_99d527c39a.png]
[www.hemstedt.de/fileadmin/_processed_/2/9/csm_Untitled_07d105436a.png]
[www.hemstedt.de/fileadmin/_processed_/2/0/csm_Certificate_resources_SAVED_2021_e1fd65f28b.png]
[www.hemstedt.de/en/reset-password/indexa640.html]
[www.hemstedt.de/fileadmin/_processed_/0/e/csm_Certificate_resources_SAVED_2019_214a5fc992.png]
[www.hemstedt.de/fileadmin/_processed_/0/e/csm_Certificate_resources_SAVED_2019_80fa0cf610.png]
[www.hemstedt.de/fileadmin/user_upload/OEkostrom.jpg]
[www.hemstedt.de/fileadmin/_processed_/5/e/csm_2021_emission_c607e9e482.png]
[www.hemstedt.de/fileadmin/_processed_/0/1/csm_2021_einsparung_eaa17d12cb.png]
[www.hemstedt.de/fileadmin/_processed_/c/e/csm_2021_apfelbaeume_5a51aa4cf7.png]
[www.hemstedt.de/fileadmin/user_upload/Recycling-Zertifikat_2023REV01_gb.jpg]
[www.hemstedt.de/en/company/environment-and-sustainability/index.html]
[www.hemstedt.de/fileadmin/_processed_/4/c/csm_shutterstock_1106247872_HEADER_c88e90891e.jpg]
[www.hemstedt.de/en/unternehmen/umwelt-und-nachhaltigkeit/soziale-nachhaltigkeit/oekonomische-nachhaltigkeit/index.html]
[www.hemstedt.de/fileadmin/_processed_/1/d/csm_shutterstock_240997774_0f7627ad63.jpg]
[www.hemstedt.de/fileadmin/_processed_/d/f/csm_shutterstock_1464226661_d5d612ba56.jpg]
[www.hemstedt.de/en/unternehmen/umwelt-und-nachhaltigkeit/soziale-nachhaltigkeit/index.html]
[www.hemstedt.de/fileadmin/_processed_/2/3/csm_Kinderschutz_Spenden_Shutterstock_127751561_HEADER_c146e73f82.jpg]
[www.hemstedt.de/fileadmin/_processed_/7/1/csm_logo_akischu_eV_c4_024ad51e93.png]
[www.hemstedt.de/en/unternehmen/umwelt-und-nachhaltigkeit/soziale-nachhaltigkeit/spenden/index.html]
[www.hemstedt.de/fileadmin/user_upload/1600_Sponsoring.jpg]
[www.hemstedt.de/fileadmin/_processed_/f/7/csm_KleineHeldenBanner_898cbc277d.jpg]
[www.hemstedt.de/fileadmin/_processed_/3/3/csm_Logo_FedZ_b303f3701c.jpg]
[www.hemstedt.de/en/company/sponsoring/index.html]
[www.hemstedt.de/fileadmin/user_upload/1600_Wald.jpg]
[www.hemstedt.de/fileadmin/user_upload/CO2Footprint.jpg]
[www.hemstedt.de/en/company/green-electric-matreg-low-energy-heater/index.html]
[www.hemstedt.de/fileadmin/user_upload/Header_Montageanl.jpg]
[www.hemstedt.de/fileadmin/_processed_/3/9/csm_HemSystem_50777c7de5.jpg]
[www.hemstedt.de/fileadmin/user_upload/MuffenvergleichRotBlau.jpg]
[www.hemstedt.de/fileadmin/_processed_/5/0/csm_Das_klimaneutrale_Haus_80ea4508b8.jpg]
[www.hemstedt.de/en/company/innovations/index.html]
[www.hemstedt.de/fileadmin/_processed_/b/c/csm_Shutterstock_2138080529_ZERTIFIKATE_HEADER_3ed94b9d23.jpg]
[www.hemstedt.de/fileadmin/user_upload/0002.jpg]
[www.hemstedt.de/fileadmin/_processed_/7/2/csm_EGA_Label_Nominee_2022__003__4a7d4f0961.png]
[www.hemstedt.de/fileadmin/_processed_/7/2/csm_EGA_Label_Nominee_2022__003__2429406fb3.png]
[www.hemstedt.de/fileadmin/_processed_/e/7/csm_Zertifikat_Wirtschaftsmagnet_8d4fc417a2.png]
[www.hemstedt.de/fileadmin/_processed_/e/7/csm_Zertifikat_Wirtschaftsmagnet_b73747675b.png]
[www.hemstedt.de/fileadmin/_processed_/2/0/csm_DualesStudiumHeilbronn_5e65db298d.png]
[www.hemstedt.de/fileadmin/_processed_/2/0/csm_DualesStudiumHeilbronn_eb2e3361f1.png]
[www.hemstedt.de/fileadmin/_processed_/4/1/csm_IndustrriepreisWineFrostControl_c4c952b485.png]
[www.hemstedt.de/fileadmin/_processed_/4/1/csm_IndustrriepreisWineFrostControl_637854df81.png]
[www.hemstedt.de/fileadmin/_processed_/8/9/csm_Industrieperis_Zertifikat_deutsch_klein_b22e902a76.jpg]
[www.hemstedt.de/fileadmin/_processed_/8/9/csm_Industrieperis_Zertifikat_deutsch_klein_12a019aa1a.jpg]
[www.hemstedt.de/fileadmin/_processed_/4/f/csm_2021-10-04_Logo_BVF_final_9b1550f46b.png]
[www.hemstedt.de/fileadmin/_processed_/3/7/csm_logoIndustrieperis_4eaeec5dfc.jpg]
[www.hemstedt.de/fileadmin/user_upload/DEKRA.jpg]
[www.hemstedt.de/fileadmin/user_upload/0003.jpg]
[www.hemstedt.de/fileadmin/_processed_/a/a/csm_GBA22_HO_WINNER_MC_RGB_d734e677d4.png]
[www.hemstedt.de/fileadmin/_processed_/a/a/csm_GBA22_HO_WINNER_MC_RGB_549ced91d4.png]
[www.hemstedt.de/fileadmin/_processed_/3/c/csm_Aug20492-2020_Construction___Engineering_Awards_Certificate_-_small_8a33751f90.jpg]
[www.hemstedt.de/fileadmin/_processed_/3/c/csm_Aug20492-2020_Construction___Engineering_Awards_Certificate_-_small_0a0290d42f.jpg]
[www.hemstedt.de/fileadmin/_processed_/c/4/csm_BuildAwardKlein_fdec047467.jpg]
[www.hemstedt.de/fileadmin/_processed_/7/9/csm_GreenAward18_d75ad66392.jpg]
[www.hemstedt.de/fileadmin/_processed_/7/9/csm_GreenAward18_275ed9d864.jpg]
[www.hemstedt.de/fileadmin/_processed_/a/d/csm_IndustriepreisAccuMat18_f8c08bdda4.png]
[www.hemstedt.de/fileadmin/_processed_/a/d/csm_IndustriepreisAccuMat18_ac5010dc59.png]
[www.hemstedt.de/fileadmin/_processed_/6/f/csm_Top1002015_Format_7914d699a2.jpg]
[www.hemstedt.de/fileadmin/_processed_/0/e/csm_IHK_Azubi_Format_b0fa8a5d11.jpg]
[www.hemstedt.de/fileadmin/_processed_/0/e/csm_IHK_Azubi_Format_7be68c98e5.jpg]
[www.hemstedt.de/fileadmin/_processed_/9/1/csm_T100_08_Member_4c_D_01_eb80969f55.jpg]
[www.hemstedt.de/fileadmin/user_upload/31617176_QM15.jpg]
[www.hemstedt.de/en/company/certificates/index.html]
[www.hemstedt.de/fileadmin/_processed_/5/7/csm_Shutterstock_1911445270_Referenzen_HEADER_3e8773a95f.jpg]
[www.hemstedt.de/fileadmin/_processed_/3/c/csm_Sportstaetten_bbfc7bf50e.jpg]
[www.hemstedt.de/fileadmin/_processed_/d/8/csm_P1000688__003__L_7e7c316825.jpg]
[www.hemstedt.de/fileadmin/_processed_/8/e/csm_P1010081__003__L_0ef3ad927a.jpg]
[www.hemstedt.de/fileadmin/_processed_/8/8/csm_P1010082__003__L_b654248822.jpg]
[www.hemstedt.de/en/company/references/index.html]
[www.hemstedt.de/fileadmin/_processed_/f/6/csm_shutterstock_2062727054_MUSTERHAUS_HEADER__21d6197431.jpg]
[www.hemstedt.de/fileadmin/user_upload/Musterhaus.jpg]
[www.hemstedt.de/fileadmin/user_upload/KinderImHaus.jpg]
[www.hemstedt.de/en/company/model-house/index.html]
[www.hemstedt.de/fileadmin/_processed_/0/c/csm_GreenMatten_d650874bb6.jpg]
[www.hemstedt.de/fileadmin/_processed_/f/c/csm_10102019_Hemstedt_Green_e3e4dd0939.png]
[www.hemstedt.de/fileadmin/user_upload/renewableready_2_UK.png]
[www.hemstedt.de/en/products/hvac-and-building-appliances/low-energy-heating/index.html]
[www.hemstedt.de/fileadmin/user_upload/Hemstedt_Header_Gewerbe_u_I_Meterware_Branchen_Umwelt.jpg]
[www.hemstedt.de/fileadmin/_processed_/4/c/csm_2022-06-09_Urkunde_GREEN_Energiespeicherheizung_Excellent_Brands_5b0dfc7fac.jpg]
[www.hemstedt.de/fileadmin/user_upload/2022-06-09_Urkunde_GREEN_Energiespeicherheizung_Excellent_Brands.jpg]
[www.hemstedt.de/fileadmin/user_upload/Heizmatte_GreenElectric_mit_Karton.jpg]
[www.hemstedt.de/fileadmin/_processed_/7/7/csm_1000_GreenElectric_1a9f5383e5.jpg]
[www.hemstedt.de/fileadmin/_processed_/7/7/csm_1000_GreenElectric_cca465df0e.jpg]
[www.hemstedt.de/fileadmin/_processed_/8/9/csm_1000_CELogo_80e7cc27b9.jpg]
[www.hemstedt.de/fileadmin/_processed_/8/9/csm_1000_CELogo_83e3c8a9d5.jpg]
[www.hemstedt.de/fileadmin/_processed_/f/3/csm_1000_Regler_730ce0d0eb.jpg]
[www.hemstedt.de/fileadmin/_processed_/f/3/csm_1000_Regler_5295e5ba49.jpg]
[www.hemstedt.de/fileadmin/_processed_/f/b/csm_HEM_Green_EN_03-2021_144dpi-08-03-2021_Web_ea59f2da5b.png]
[www.hemstedt.de/en/products/hvac-and-building-appliances/low-energy-heating/green-electric-matreg-low-energy-heater/index.html]
[www.hemstedt.de/fileadmin/user_upload/Hemstedt_Header_Haustechnik_Rasenheizung.jpg]
[www.hemstedt.de/fileadmin/_processed_/8/3/csm_2022-06-09_Urkunde_GREEN_Energiespeicherheizung_Sustainable_90c0a81fc8.jpg]
[www.hemstedt.de/fileadmin/user_upload/2022-06-09_Urkunde_GREEN_Energiespeicherheizung_Sustainable.jpg]
[www.hemstedt.de/fileadmin/_processed_/9/3/csm_Nachhaltige_Produkte_5a7b66ffe0.jpg]
[www.hemstedt.de/en/products/hvac-and-building-appliances/low-energy-heating/green-accu-matreg-energy-storage-heater/index.html]
[www.hemstedt.de/fileadmin/_processed_/2/e/csm_Hemstedt_Haustechnik_Fussbodenheizung_02cb64e08a.jpg]
[www.hemstedt.de/fileadmin/user_upload/Kinder_machen_Hausaufgaben.jpg]
[www.hemstedt.de/fileadmin/_processed_/f/4/csm_1000_HeizmattenBreite_0304992af8.jpg]
[www.hemstedt.de/fileadmin/_processed_/f/4/csm_1000_HeizmattenBreite_570508df28.jpg]
[www.hemstedt.de/fileadmin/_processed_/7/1/csm_Farbauswahl_auf_dem_Boden_3b9b833eaa.jpg]
[www.hemstedt.de/fileadmin/_processed_/7/1/csm_Farbauswahl_auf_dem_Boden_2f03bc8350.jpg]
[www.hemstedt.de/fileadmin/_processed_/5/d/csm_1000_MatterRollen_97b712ee09.jpg]
[www.hemstedt.de/fileadmin/_processed_/5/d/csm_1000_MatterRollen_d643c91c82.jpg]
[www.hemstedt.de/en/products/hvac-and-building-appliances/underfloor-heating/index.html]
[www.hemstedt.de/fileadmin/_processed_/e/7/csm_Hemstedt_Haustechnik_Fussbodenheizung_Duenbettheizmatten_c8e1249b06.jpg]
[www.hemstedt.de/fileadmin/user_upload/Duennbettheizmatte_DH.jpg]
[www.hemstedt.de/fileadmin/_processed_/c/b/csm_Betonheizmatte_d11784768a.jpg]
[www.hemstedt.de/fileadmin/_processed_/c/b/csm_Betonheizmatte_dd9a639e2e.jpg]
[www.hemstedt.de/en/products/hvac-and-building-appliances/underfloor-heating/thin-bed-heating-mats/index.html]
[www.hemstedt.de/fileadmin/_processed_/b/1/csm_Hemstedt_Header_Haustechnik_Fussbodenheizung_Betonheizmatten_25bb95663e.jpg]
[www.hemstedt.de/fileadmin/user_upload/Junge_Frau_auf_Fussboden.jpg]
[www.hemstedt.de/fileadmin/_processed_/f/2/csm_1000_CEVDE_d92049fa92.jpg]
[www.hemstedt.de/fileadmin/_processed_/f/2/csm_1000_CEVDE_516e2acdee.jpg]
[www.hemstedt.de/fileadmin/_processed_/0/3/csm_HEM_Haustechnik_2020_2021_DE_ohnePreise-03-2021_144dpi-08-03-2021_Web_8041894009.png]
[www.hemstedt.de/en/products/hvac-and-building-appliances/underfloor-heating/concrete-heating-mats/index.html]
[www.hemstedt.de/fileadmin/user_upload/Hemstedt_Header_Heizmatten.jpg]
[www.hemstedt.de/fileadmin/user_upload/Mann_und_Frau_verlegen_Parkett.jpg]
[www.hemstedt.de/fileadmin/_processed_/c/9/csm_1000_AluZ_0b4a2d5d06.jpg]
[www.hemstedt.de/fileadmin/_processed_/c/9/csm_1000_AluZ_e2d97ea3b4.jpg]
[www.hemstedt.de/en/products/hvac-and-building-appliances/underfloor-heating/heating-mats-for-laminate-and-parquet/index.html]
[www.hemstedt.de/fileadmin/_processed_/1/b/csm_2_06de413d14.jpg]
[www.hemstedt.de/fileadmin/user_upload/twinturbo.png]
[www.hemstedt.de/fileadmin/_processed_/5/2/csm_Twin_Turbo_Matte_9c3d770fef.jpg]
[www.hemstedt.de/fileadmin/_processed_/5/2/csm_Twin_Turbo_Matte_7931ff4bec.jpg]
[www.hemstedt.de/en/products/hvac-and-building-appliances/underfloor-heating/twin-turbo-mat-fast-heating/index.html]
[www.hemstedt.de/fileadmin/_processed_/3/f/csm_Hemstedt_Header_Haustechnik_Fussbodenheizung_Ringware_692ef5151b.jpg]
[www.hemstedt.de/fileadmin/_processed_/2/4/csm_Frau_liest_auf_Steintreppe_73c2336445.jpg]
[www.hemstedt.de/fileadmin/_processed_/3/0/csm_Betonring_9e1a74a596.jpg]
[www.hemstedt.de/en/products/hvac-and-building-appliances/underfloor-heating/bulk-stock/index.html]
[www.hemstedt.de/fileadmin/user_upload/1600_Regler2.jpg]
[www.hemstedt.de/fileadmin/_processed_/5/a/csm_thermometer_fe32fdd81f.jpg]
[www.hemstedt.de/fileadmin/user_upload/1000_BadezimmerWandheizung.jpg]
[www.hemstedt.de/fileadmin/user_upload/93088.jpg]
[www.hemstedt.de/fileadmin/user_upload/smartready_2_UK.png]
[www.hemstedt.de/en/products/regulation-and-thermostats/index.html]
[www.hemstedt.de/fileadmin/user_upload/1600_NatursteinTiefer.jpg]
[www.hemstedt.de/fileadmin/user_upload/Balken_Naturstein.jpg]
[www.hemstedt.de/fileadmin/_processed_/f/d/csm_1000_SilikonKabel_0a3046e98a.jpg]
[www.hemstedt.de/fileadmin/_processed_/f/8/csm_Natursteinheizung_Raum_2_Gsisi_bd5ad6b3ee.jpg]
[www.hemstedt.de/fileadmin/_processed_/e/d/csm_HEM_Haustechnik_Katalog_2018_Webversion_a2e8026b9b.png]
[www.hemstedt.de/en/products/hvac-and-building-appliances/heating-cable/gsisi-silicone-heating-cable/index.html]
[www.hemstedt.de/fileadmin/user_upload/Hemstedt_Header_Deckenheizung.jpg]
[www.hemstedt.de/fileadmin/_processed_/a/7/csm_Titelmotiv_2014-15_fae283d6f4.jpg]
[www.hemstedt.de/en/products/hvac-and-building-appliances/ceiling-heating/index.html]
[www.hemstedt.de/fileadmin/user_upload/Hemstedt_Header_Freiflaechenheizung.jpg]
[www.hemstedt.de/fileadmin/_processed_/1/f/csm_Freiflaechenheizmatte_5a448c6048.jpg]
[www.hemstedt.de/fileadmin/_processed_/1/f/csm_Freiflaechenheizmatte_48c3724a0d.jpg]
[www.hemstedt.de/fileadmin/_processed_/e/3/csm_1000_Frostregler_e89c556dbe.jpg]
[www.hemstedt.de/fileadmin/_processed_/e/3/csm_1000_Frostregler_8ed454825a.jpg]
[www.hemstedt.de/en/products/hvac-and-building-appliances/d-coldreg-heating-mats-and-cables-for-outdoor-areas/index.html]
[www.hemstedt.de/fileadmin/user_upload/Hemstedt_Header_Rohrbegleitheizung.jpg]
[www.hemstedt.de/fileadmin/user_upload/Eingefrorener_Wasserhahn.jpg]
[www.hemstedt.de/fileadmin/_processed_/1/a/csm_Begleitheizungsring_1061c81fcc.jpg]
[www.hemstedt.de/fileadmin/_processed_/1/a/csm_Begleitheizungsring_6270e4be7c.jpg]
[www.hemstedt.de/fileadmin/_processed_/7/1/csm_Rohrbegleitheizung_mit_Hahn_Wand_83295d62b1.jpg]
[www.hemstedt.de/fileadmin/_processed_/c/3/csm_blaues_Kaltgeraetkabel_0e618afab0.jpg]
[www.hemstedt.de/fileadmin/_processed_/c/3/csm_blaues_Kaltgeraetkabel_47b06d936b.jpg]
[www.hemstedt.de/en/products/hvac-and-building-appliances/trace-heating/index.html]
[www.hemstedt.de/fileadmin/_processed_/c/1/csm_Hemstedt_Header_Haustechnik_Rohrbegleitheizung_Heizkabel_m_T_6541e2e293.jpg]
[www.hemstedt.de/fileadmin/user_upload/Kabel-blau.jpg]
[www.hemstedt.de/fileadmin/_processed_/d/1/csm_Rohrbegleitheizung_FS_54e7aa6376.jpg]
[www.hemstedt.de/fileadmin/_processed_/d/1/csm_Rohrbegleitheizung_FS_315962fffd.jpg]
[www.hemstedt.de/fileadmin/_processed_/5/8/csm_Wasserhahn_Tropfen_c8c8e15a39.jpg]
[www.hemstedt.de/fileadmin/_processed_/5/8/csm_Wasserhahn_Tropfen_6e3715d4ef.jpg]
[www.hemstedt.de/fileadmin/_processed_/c/5/csm_HEM_59040_Thermostat_DE_EN_80a12253a4.png]
[www.hemstedt.de/en/products/hvac-and-building-appliances/trace-heating/heating-cable-with-thermostat/index.html]
[www.hemstedt.de/fileadmin/_processed_/4/e/csm_Hemstedt_Header_Haustechnik_Dachrinnenheizung_161eabce8f.jpg]
[www.hemstedt.de/fileadmin/user_upload/Eiszapfen_an_Regenrinne_klein.jpg]
[www.hemstedt.de/fileadmin/_processed_/1/4/csm_1000_DachrinneNah_1d3ba642d2.jpg]
[www.hemstedt.de/en/products/hvac-and-building-appliances/gutter-heating/index.html]
[www.hemstedt.de/fileadmin/_processed_/d/d/csm_Hemstedt_Header_Haustechnik_Dachflaechenheizung_13740fceb8.jpg]
[www.hemstedt.de/fileadmin/user_upload/DAS.jpg]
[www.hemstedt.de/fileadmin/_processed_/1/4/csm_Schnee_auf_dem_Dach_5f6173d9b8.jpg]
[www.hemstedt.de/fileadmin/user_upload/Schnee_auf_dem_Dach.jpg]
[www.hemstedt.de/fileadmin/_processed_/1/d/csm_Dachrinnenheizung_Dachrinne_2_7e57dcabc1.jpg]
[www.hemstedt.de/fileadmin/user_upload/Dachrinnenheizung_Dachrinne_2.jpg]
[www.hemstedt.de/en/products/hvac-and-building-appliances/roof-heating/index.html]
[www.hemstedt.de/fileadmin/user_upload/Balken_Heizleitungen.jpg]
[www.hemstedt.de/fileadmin/_processed_/1/9/csm_1000er.jpg1000_AquariumNah_b47b705b30.jpg]
[www.hemstedt.de/fileadmin/_processed_/1/9/csm_1000er.jpg1000_AquariumNah_f4a797bcc6.jpg]
[www.hemstedt.de/fileadmin/_processed_/f/5/csm_1000_Silikonleitung_3556b5c819.jpg]
[www.hemstedt.de/fileadmin/_processed_/f/5/csm_1000_Silikonleitung_8fe490864f.jpg]
[www.hemstedt.de/fileadmin/_processed_/d/e/csm_1000_NatursteinMitStuhl_efdfa60f14.jpg]
[www.hemstedt.de/fileadmin/_processed_/d/e/csm_1000_NatursteinMitStuhl_e0381f2b44.jpg]
[www.hemstedt.de/en/products/hvac-and-building-appliances/heating-cable/index.html]
[www.hemstedt.de/fileadmin/user_upload/1600_Aquarium.jpg]
[www.hemstedt.de/fileadmin/user_upload/300_KindMitHund.jpg]
[www.hemstedt.de/fileadmin/_processed_/5/4/csm_SH_Silikon_Heizleitung_40b994b385.jpg]
[www.hemstedt.de/fileadmin/_processed_/5/4/csm_SH_Silikon_Heizleitung_4c574a59b8.jpg]
[www.hemstedt.de/fileadmin/_processed_/2/3/csm_1000_98406_Regler_dbed7a5133.jpg]
[www.hemstedt.de/fileadmin/_processed_/2/3/csm_1000_98406_Regler_9546620bc8.jpg]
[www.hemstedt.de/en/products/hvac-and-building-appliances/heating-cable/sh-silicone-heating-cable/index.html]
[www.hemstedt.de/fileadmin/user_upload/Hemstedt_Header_Gewerbe_u_I_Anwendungen_Rasenheizung.jpg]
[www.hemstedt.de/fileadmin/user_upload/rasen_1.jpg]
[www.hemstedt.de/fileadmin/user_upload/grasfrost_1.jpg]
[www.hemstedt.de/fileadmin/user_upload/trommel_1.jpg]
[www.hemstedt.de/en/products/hvac-and-building-appliances/under-soil-heating-for-stadia/index.html]
[www.hemstedt.de/fileadmin/user_upload/Header_Kuehlhaustechnik_0.jpg]
[www.hemstedt.de/fileadmin/user_upload/Balken_Kuehlmotiv.jpg]
[www.hemstedt.de/fileadmin/_processed_/d/9/csm_1000_VentileKuhlsammlung_aa0b0d888f.jpg]
[www.hemstedt.de/fileadmin/_processed_/3/1/csm_PA-200_d5a0d869f5.jpg]
[www.hemstedt.de/fileadmin/_processed_/9/5/csm_Unterfrierschutzmatte_db8c91cfa6.jpg]
[www.hemstedt.de/fileadmin/_processed_/9/3/csm_HEM_Kuehlhaus-Heizsysteme_2018_SmallImage_944ecf4af4.png]
[www.hemstedt.de/fileadmin/_processed_/7/6/csm_HEM_Kuehlhaustechnik_2018_95fc7e8663.png]
[www.hemstedt.de/en/products/cold-storage-technology/index.html]
[www.hemstedt.de/fileadmin/user_upload/Hemstedt_Header_Kuehlhaustechnik_Unterfrierschutz.jpg]
[www.hemstedt.de/en/products/cold-storage-technology/concrete-heating-mats/index.html]
[www.hemstedt.de/fileadmin/user_upload/Hemstedt_Header_Kuehlhaustechnik_Notrufsysteme.jpg]
[www.hemstedt.de/fileadmin/user_upload/PA-200.jpg]
[www.hemstedt.de/fileadmin/_processed_/3/1/csm_PA-200_fcb4a536a0.jpg]
[www.hemstedt.de/fileadmin/_processed_/8/9/csm_1000_CELogo_fa05671a33.jpg]
[www.hemstedt.de/en/products/cold-storage-technology/emergency-alarm-systems/index.html]
[www.hemstedt.de/en/products/cold-storage-technology/emergency-alarm-systems/emergency-call-devices/index.html]
[www.hemstedt.de/fileadmin/user_upload/1600_DAV2.jpg]
[www.hemstedt.de/fileadmin/user_upload/Balken_Ventile.jpg]
[www.hemstedt.de/fileadmin/_processed_/0/a/csm_1000_Kuhlhauszelle_1157d7d8c2.jpg]
[www.hemstedt.de/en/products/cold-storage-technology/pressure-compensation-valves/index.html]
[www.hemstedt.de/fileadmin/user_upload/1600_SteuerkastenKomni.jpg]
[www.hemstedt.de/fileadmin/_processed_/b/a/csm_1600_SteuerkastenKomni_bea2caee1f.jpg]
[www.hemstedt.de/fileadmin/_processed_/6/7/csm_1000_Kuhl_ad60a5807e.jpg]
[www.hemstedt.de/en/products/cold-storage-technology/control-box/index.html]
[www.hemstedt.de/fileadmin/user_upload/1600_Unterfriermatte2.jpg]
[www.hemstedt.de/fileadmin/user_upload/HEM_Rahmenheizung_Tiefkuehltueren.jpg]
[www.hemstedt.de/en/products/cold-storage-technology/under-soil-heating/index.html]
[www.hemstedt.de/fileadmin/user_upload/1600_Kuehlraum.jpg]
[www.hemstedt.de/fileadmin/user_upload/300_Rahmenheizung1.jpg]
[www.hemstedt.de/fileadmin/_processed_/0/0/csm_1000_Tiefkuehlzelle_mit_Vergroesserung_512b9a51dc.jpg]
[www.hemstedt.de/fileadmin/_processed_/2/d/csm_1000_RahmenheizTiefkuehlraum_c874f542b6.jpg]
[www.hemstedt.de/fileadmin/_processed_/3/d/csm_1000_blaue_Anschlusslitze_bf435cb622.jpg]
[www.hemstedt.de/fileadmin/_processed_/c/8/csm_1000_BraunesKabel_SchwarzeIso_6b87be3b41.jpg]
[www.hemstedt.de/fileadmin/_processed_/a/3/csm_HEM_Lieferprogramm_Kuehlhaus_Kuehlmoebel_2018_dc96ee4843.png]
[www.hemstedt.de/en/products/cold-storage-technology/ready-made-heating-cables/frame-heating-for-deep-freeze-room-doors/index.html]
[www.hemstedt.de/fileadmin/_processed_/5/2/csm_Rahmenheizung_01_db0ff4a75f.jpg]
[www.hemstedt.de/fileadmin/user_upload/300_42700_mit_Kupfergeflecht_Vergroesserung.jpg]
[www.hemstedt.de/fileadmin/_processed_/7/5/csm_1000_zweiseitigeAnschlusslitze_Metallegeflecht_Kabel_Rahmenheizung_Tiefkuehl_f17c77fc18.jpg]
[www.hemstedt.de/en/products/cold-storage-technology/ready-made-heating-cables/frame-heating-with-protective-braid/index.html]
[www.hemstedt.de/fileadmin/user_upload/1600_Kuehlraum2.jpg]
[www.hemstedt.de/fileadmin/user_upload/1000_KuehlraumEinseitig.jpg]
[www.hemstedt.de/fileadmin/_processed_/e/f/csm_1000_Rahmenheizung_einseitigem_Anschluss_Litze_7033a25f79.jpg]
[www.hemstedt.de/fileadmin/_processed_/2/2/csm_1000_KuehlraumEinseitig_17132450b5.jpg]
[www.hemstedt.de/fileadmin/_processed_/1/6/csm_1000_45500_Rahmenheizung_einseitigem_Anschluss_46500_Temperaturwaechter_Vergroesserung_03a59ebfeb.jpg]
[www.hemstedt.de/en/products/cold-storage-technology/ready-made-heating-cables/frameheating-with-single-ended-connection/index.html]
[www.hemstedt.de/fileadmin/user_upload/Hemstedt_Header_Gewerbe_u_I_Anwendungen_Frontscheibenheizung_f_V.jpg]
[www.hemstedt.de/fileadmin/_processed_/7/6/csm_Kantinentheke_e390269c2d.jpg]
[www.hemstedt.de/fileadmin/_processed_/2/4/csm_1000_46650_Frontscheibenheizung_Kabel_Vergroesserung_0dd17a8692.jpg]
[www.hemstedt.de/fileadmin/_processed_/1/2/csm_1000_46650_Frontscheibenheizung_Kabellitze_ddabadcde4.jpg]
[www.hemstedt.de/en/products/cold-storage-technology/ready-made-heating-cables/front-glass-heating-for-sales-counters/index.html]
[www.hemstedt.de/fileadmin/user_upload/1600_KuhlthekeBacker.jpg]
[www.hemstedt.de/fileadmin/user_upload/300_Kuhlmobel.jpg]
[www.hemstedt.de/fileadmin/user_upload/1000_Zeichnung147400.jpg]
[www.hemstedt.de/fileadmin/user_upload/1000_Zeichnung147800.jpg]
[www.hemstedt.de/fileadmin/_processed_/f/3/csm_1000_Rahmenheizung_ohneMuffe_Vergroesserung_78d0248090.jpg]
[www.hemstedt.de/fileadmin/_processed_/3/a/csm_1000_Aderendhuelse_Rahmenheizung_ohne_Muffe_829b716aea.jpg]
[www.hemstedt.de/en/products/cold-storage-technology/ready-made-heating-cables/frame-heating-for-deep-freeze-cells-and-refrigeration/index.html]
[www.hemstedt.de/fileadmin/user_upload/1600_KuehlzelleGespiegelt.jpg]
[www.hemstedt.de/fileadmin/user_upload/tauwasser.jpg]
[www.hemstedt.de/fileadmin/_processed_/1/6/csm_1000_ZelleKlein_745e4d0d18.jpg]
[www.hemstedt.de/en/products/cold-storage-technology/ready-made-heating-cables/defrosting-water-heater/index.html]
[www.hemstedt.de/fileadmin/user_upload/1600_KuehlzelleUnten.jpg]
[www.hemstedt.de/fileadmin/user_upload/300_Kaesetheke.jpg]
[www.hemstedt.de/fileadmin/_processed_/e/c/csm_1000_Muffenlose_Fluorkunststoff_Vergroesserung_75893752b7.jpg]
[www.hemstedt.de/fileadmin/_processed_/a/f/csm_1000_Muffenlose_Fluorkunststoff_Kabelende_Vergroesserung_73ae0669b4.jpg]
[www.hemstedt.de/en/products/cold-storage-technology/ready-made-heating-cables/sleeveless-fluor-plastic-defrosting-water-heating/index.html]
[www.hemstedt.de/fileadmin/user_upload/1600_Kompressor.jpg]
[www.hemstedt.de/fileadmin/_processed_/8/f/csm_HEM_Oelsumpfheizung_zweiseitig_01_656a946feb.jpg]
[www.hemstedt.de/fileadmin/_processed_/b/3/csm_1000_Olsumpfkabel_f4f390cc1f.jpg]
[www.hemstedt.de/fileadmin/_processed_/5/f/csm_1000_OlsumpfEinseitig_abead49a5f.jpg]
[www.hemstedt.de/fileadmin/_processed_/2/b/csm_1000_OlsumpfZweiseitig_4e974b8575.jpg]
[www.hemstedt.de/en/products/cold-storage-technology/ready-made-heating-cables/oil-preheater-for-compressors/index.html]
[www.hemstedt.de/fileadmin/user_upload/Hemstedt_Header_Landwirtschaft_u_G_0.jpg]
[www.hemstedt.de/fileadmin/_processed_/5/c/csm_field-work-4277797_93121e075a.jpg]
[www.hemstedt.de/fileadmin/_processed_/7/d/csm_1000_Schweine_88910b4038.jpg]
[www.hemstedt.de/fileadmin/_processed_/e/e/csm_Teich_mit_Wasserlilie_3626614808.jpg]
[www.hemstedt.de/fileadmin/_processed_/a/8/csm_Trinkendes_Pferd_5e153deac8.jpg]
[www.hemstedt.de/en/products/agriculture-and-gardening/index.html]
[www.hemstedt.de/fileadmin/user_upload/1600_Weinbau.jpg]
[www.hemstedt.de/fileadmin/_processed_/a/4/csm_HEM_SYSTEM_WINE_FROST_CONTROL_702b884b52.jpg]
[www.hemstedt.de/fileadmin/_processed_/e/c/csm_FunktionWeinbauEnglisch_ef92455730.jpg]
[www.hemstedt.de/fileadmin/user_upload/FunktionWeinbauEnglisch.jpg]
[www.hemstedt.de/fileadmin/_processed_/b/e/csm_LogosWeinbau_25e5668e80.jpg]
[www.hemstedt.de/fileadmin/user_upload/LogosWeinbau.jpg]
[www.hemstedt.de/en/products/agriculture-and-gardening/frostprotection-wine-frost-control/index.html]
[www.hemstedt.de/fileadmin/user_upload/Hemstedt_Header_Landwirtschaft_u_G_Traenkenheizung.jpg]
[www.hemstedt.de/fileadmin/user_upload/Trinkendes_Pferd.jpg]
[www.hemstedt.de/fileadmin/_processed_/a/4/csm_Mutterschaf_und_Lamm_b046c997a5.jpg]
[www.hemstedt.de/en/products/agriculture-and-gardening/drinking-trough-heater/index.html]
[www.hemstedt.de/fileadmin/user_upload/Hemstedt_Header_Landwirtschaft_u_G_Teichheizung.jpg]
[www.hemstedt.de/fileadmin/user_upload/Teich_mit_Wasserlilie.jpg]
[www.hemstedt.de/en/products/agriculture-and-gardening/pond-heating/index.html]
[www.hemstedt.de/fileadmin/user_upload/Hemstedt_Header_Landwirtschaft_u_G_Winterschutz_f_P.jpg]
[www.hemstedt.de/fileadmin/_processed_/b/1/csm_shutterstock_128995394_a91f005a4b.jpg]
[www.hemstedt.de/fileadmin/_processed_/b/6/csm_1000_RoteRolle_d5333ab25e.jpg]
[www.hemstedt.de/en/products/agriculture-and-gardening/winter-protection-for-plants/index.html]
[www.hemstedt.de/fileadmin/user_upload/Hemstedt_Header_Landwirtschaft_u_G_Stallheizung.jpg]
[www.hemstedt.de/fileadmin/_processed_/e/1/csm_Kuhstall_20242295a6.jpg]
[www.hemstedt.de/fileadmin/_processed_/c/f/csm_1000_BetonheizmatterOt_633c4f77a8.jpg]
[www.hemstedt.de/en/products/agriculture-and-gardening/stable-heating/index.html]
[www.hemstedt.de/fileadmin/_processed_/6/0/csm_Hemstedt_Header_Gewerbe_u_I_Meterware_Branchen_dcf2795b5f.jpg]
[www.hemstedt.de/fileadmin/user_upload/Balken_Industrie.jpg]
[www.hemstedt.de/en/products/trades-and-industry/index.html]
[www.hemstedt.de/fileadmin/user_upload/Hemstedt_Header_ATEX.jpg]
[www.hemstedt.de/fileadmin/user_upload/Atex_Titelbild.jpg]
[www.hemstedt.de/en/products/trades-and-industry/atex/index.html]
[www.hemstedt.de/fileadmin/user_upload/Hemstedt_Header_Gewerbe_u_I_ATEX_Verbindungsmuffen.jpg]
[www.hemstedt.de/fileadmin/_processed_/1/2/csm_verbindungsmuffen_528ab1993d.png]
[www.hemstedt.de/fileadmin/files/startseite/kategorien/heizleitungen.jpg]
[www.hemstedt.de/fileadmin/_processed_/2/0/csm_1600_800_Atex_761c2df872.jpg]
[www.hemstedt.de/en/products/trades-and-industry/atex/atex-connection-sleeves/index.html]
[www.hemstedt.de/fileadmin/user_upload/Hemstedt_Header_Gewerbe_u_I_ATEX_Begleitheizung_i_E.jpg]
[www.hemstedt.de/fileadmin/user_upload/Atexkabel.jpg]
[www.hemstedt.de/fileadmin/_processed_/3/8/csm_Raffinerie_77be72a9df.jpg]
[www.hemstedt.de/fileadmin/_processed_/4/d/csm_Atex_Titelbild_8467468a7a.jpg]
[www.hemstedt.de/en/products/trades-and-industry/atex/trace-heating-cables-for-ex-areas/index.html]
[www.hemstedt.de/fileadmin/user_upload/Hemstedt_Header_Gewerbe_u_I_Meterware_2.jpg]
[www.hemstedt.de/fileadmin/user_upload/Balken_Heizkabeltrommel.jpg]
[www.hemstedt.de/en/products/trades-and-industry/yard-goods/index.html]
[www.hemstedt.de/fileadmin/_processed_/1/3/csm_Hemstedt_Header_Gewerbe_u_I_Meterware_Produktgruppen_88b46b8b68.jpg]
[www.hemstedt.de/en/products/trades-and-industry/yard-goods/heating-cables-product-range/index.html]
[www.hemstedt.de/fileadmin/user_upload/1600_Haustechnik.jpg]
[www.hemstedt.de/en/products/trades-and-industry/yard-goods/heating-cables-product-range/resistance-heating-cables/index.html]
[www.hemstedt.de/en/products/trades-and-industry/yard-goods/heating-cables-product-range/self-regulating-heating-cables/index.html]
[www.hemstedt.de/en/products/trades-and-industry/yard-goods/heating-cables-product-range/parallel-heating-cable/index.html]
[www.hemstedt.de/fileadmin/user_upload/93089.jpg]
[www.hemstedt.de/fileadmin/_processed_/a/c/csm_Farbauswahl_auf_dem_Boden_Paerchen_3_8cdd8f6ca1.jpg]
[www.hemstedt.de/en/products/trades-and-industry/yard-goods/heating-cables-product-range/heating-cable-for-mastic-asphalt/index.html]
[www.hemstedt.de/fileadmin/_processed_/1/7/csm_Wohnzimmer_mit_Kamin_4_ba6b023b65.jpg]
[www.hemstedt.de/en/products/regulation-and-thermostats/timer-controller/index.html]
[www.hemstedt.de/fileadmin/_processed_/2/c/csm_Hemstedt_Header_Regulierung_u_T_Punktskalenregler_f6d88328c7.jpg]
[www.hemstedt.de/fileadmin/_processed_/0/6/csm_punktskalenregler_abfbe9b6da.jpg]
[www.hemstedt.de/fileadmin/_processed_/6/1/csm_1000_PaarBarfuss_b469dbfd15.jpg]
[www.hemstedt.de/en/products/regulation-and-thermostats/point-scale-regulators/index.html]
[www.hemstedt.de/fileadmin/_processed_/2/b/csm_Hemstedt_Header_Regulierung_u_T_Zweikreisregler_427b936a04.jpg]
[www.hemstedt.de/fileadmin/_processed_/4/1/csm_zweikreisregler_949a8c9ad7.jpg]
[www.hemstedt.de/fileadmin/_processed_/f/3/csm_BabyKlein800_680e9c9c0d.jpg]
[www.hemstedt.de/fileadmin/_processed_/0/4/csm_Badewanne_in_Penthouse_6a08658732.jpg]
[www.hemstedt.de/en/products/regulation-and-thermostats/2-circuit-controller/index.html]
[www.hemstedt.de/fileadmin/user_upload/Hemstedt_Freiflaechenregler.jpg]
[www.hemstedt.de/fileadmin/_processed_/1/1/csm_Eis-_und_Schneemelder_b7bca96934.jpg]
[www.hemstedt.de/fileadmin/_processed_/9/0/csm_hubschrauber_1a0d949a08.jpg]
[www.hemstedt.de/fileadmin/files/startseite/kategorien/hubschrauber.jpg]
[www.hemstedt.de/fileadmin/_processed_/9/a/csm_Balken_Freiflaeche_08861972dc.jpg]
[www.hemstedt.de/fileadmin/user_upload/Balken_Freiflaeche.jpg]
[www.hemstedt.de/en/products/regulation-and-thermostats/open-space-regulator-ice-warning-system/index.html]
[www.hemstedt.de/fileadmin/_processed_/5/c/csm_Hemstedt_Header_Regulierung_u_T_Frostwaechter_ef2614d64d.jpg]
[www.hemstedt.de/fileadmin/user_upload/FR_Frostwaechter.jpg]
[www.hemstedt.de/fileadmin/_processed_/d/7/csm_1000_Rinne_da0276612c.jpg]
[www.hemstedt.de/fileadmin/_processed_/d/7/csm_1000_Rinne_769e7ba188.jpg]
[www.hemstedt.de/fileadmin/_processed_/b/5/csm_Zugefrorener_Wasserhahn_2_-_Kopie_84502c945a.jpg]
[www.hemstedt.de/fileadmin/_processed_/b/5/csm_Zugefrorener_Wasserhahn_2_-_Kopie_6d0bc6326d.jpg]
[www.hemstedt.de/en/products/regulation-and-thermostats/frost-alarm/index.html]
[www.hemstedt.de/fileadmin/user_upload/Distanzstegmontage.jpg]
[www.hemstedt.de/fileadmin/user_upload/Badewanne_in_Penthouse.jpg]
[www.hemstedt.de/fileadmin/files/startseite/kategorien/fussbodenheizung.jpg]
[www.hemstedt.de/en/products/accessories/index.html]
[www.hemstedt.de/fileadmin/user_upload/Header_Klimatechnik.jpg]
[www.hemstedt.de/fileadmin/user_upload/Einklinker_Rohrbegleit2.jpg]
[www.hemstedt.de/fileadmin/user_upload/Einklinker_Dachrinne.jpg]
[www.hemstedt.de/fileadmin/user_upload/Einklinker_Helikopter.jpg]
[www.hemstedt.de/fileadmin/user_upload/Einklinker_Rohrbegleit.jpg]
[www.hemstedt.de/en/products/frost-protection/index.html]
[www.hemstedt.de/fileadmin/user_upload/Header_Film.jpg]
[www.hemstedt.de/en/service/videos-1/index.html]
[www.hemstedt.de/en/are-underfloor-heatings-harmful/index.html]
[www.hemstedt.de/fileadmin/user_upload/1600_800_MadelAufBoden.jpg]
[www.hemstedt.de/en/electric-underfloor-heating-is-expensive/index.html]
[www.hemstedt.de/en/pros-and-cons-underfloor-heating/index.html]
[www.hemstedt.de/en/creative-freedom-with-underfloor-heating/index.html]
[www.hemstedt.de/fileadmin/user_upload/shutterstock_1106247872_HEADER_PV3.jpg]
[www.hemstedt.de/en/sustainable-and-future-oriented-oekostromplus-for-our-production/index.html]
[www.hemstedt.de/en/renewable-energies/index.html]
[www.hemstedt.de/fileadmin/_processed_/f/9/csm_Zertifikatsuebergabe_1__FINAL_master_cut__VDE_5cd855dcbd.jpg]
[www.hemstedt.de/fileadmin/_processed_/3/4/csm_Fotosearch_k60549182_Quality_Kopfzeile_gekuerzt_823018372e.jpg]
[www.hemstedt.de/fileadmin/_processed_/f/9/csm_Zertifikatsuebergabe_1__FINAL_master_cut__VDE_7653100f68.jpg]
[www.hemstedt.de/en/first-vde-certificate-according-to-new-device-standard/index.html]
[www.hemstedt.de/fileadmin/_processed_/3/d/csm_GBA22_virtual_Background_7b89ad020a.jpg]
[www.hemstedt.de/en/german-brand-award-2022/index.html]
[www.hemstedt.de/fileadmin/_processed_/0/b/csm_Hemstedt_Header_Regulierung_u_T_Elektronische_T_93a347b61e.jpg]
[www.hemstedt.de/fileadmin/_processed_/f/c/csm_Prinzipschaltbild_der_Signaluebertragung_2_e2dc69abb5.jpg]
[www.hemstedt.de/fileadmin/_processed_/0/b/csm_Hemstedt_Header_Regulierung_u_T_Elektronische_T_43d6d534a5.jpg]
[www.hemstedt.de/en/the-e-car-as-a-flexible-power-storage-unit/index.html]
[www.hemstedt.de/fileadmin/_processed_/7/2/csm_EGA_Label_Nominee_2022__003__d8edca7ed5.png]
[www.hemstedt.de/en/hemstedt-energy-storage-heater-green-accu-mat-nominated-for-european-green-award-2022/index.html]
[www.hemstedt.de/fileadmin/_processed_/a/8/csm_1.Stamp_31a72c14b0.png]
[www.hemstedt.de/fileadmin/_processed_/a/8/csm_1.Stamp_e13db3b0b1.png]
[www.hemstedt.de/fileadmin/_processed_/3/f/csm_Auszug_Urkunde_Europa_Patent_einfuegen_0ef0cb15ed.jpg]
[www.hemstedt.de/en/the-european-patent-office-grants-patent-protection-on-the-vineyard-heating-system/index.html]
[www.hemstedt.de/fileadmin/_processed_/e/7/csm_csm_fussballer_mit_heizmatte_neu_2_00000_3a90f5033d_3c11ac4a74.jpg]
[www.hemstedt.de/en/swabian-tinkering-in-botenheim/index.html]
[www.hemstedt.de/fileadmin/_processed_/1/e/csm_csm_WIMA-Siegel_2022_frei_71ec48a419_0a2673d99c.png]
[www.hemstedt.de/fileadmin/user_upload/csm_WIMA-Siegel_2022_frei_aada0de74b.png]
[www.hemstedt.de/fileadmin/_processed_/f/5/csm_csm_WIMA-Siegel_2022_frei_aada0de74b_e5b40d75aa.png]
[www.hemstedt.de/fileadmin/_processed_/e/7/csm_Zertifikat_Wirtschaftsmagnet_71a91484c5.png]
[www.hemstedt.de/en/hemstedt-gmbh-receives-the-certification-wirtschaftsmagnet/index.html]
[www.hemstedt.de/fileadmin/_processed_/6/4/csm_Weinberg_1_14ff43b53b.jpg]
[www.hemstedt.de/en/reliably-protect-vineyards-from-frost-with-hem-systemr-wine-frost-control/index.html]
[www.hemstedt.de/en/sustainability-at-hemstedt/index.html]
[www.hemstedt.de/fileadmin/_processed_/0/0/csm_Heizmatte_GreenAccu_mit_Karton_3cc79019b1.jpg]
[www.hemstedt.de/en/hemstedt-trade-fair-calendar/index.html]
[www.hemstedt.de/en/imprint/index.html]
[www.hemstedt.de/en/terms/index.html]
[www.hemstedt.de/en/terms-of-use/index.html]
[www.hemstedt.de/en/inhaltsverzeichnis/index.html]
[www.hemstedt.de/en/datenschutz/index.html]
[www.hemstedt.de/typo3conf/ext/wv_sitepackage/Resources/Public/Scripts/060b2710bdbbe3dfe48b.svg]
[www.hemstedt.de/typo3conf/ext/wv_sitepackage/Resources/Public/Scripts/33d31bb8bd12c7442cd3.svg]
[www.hemstedt.de/typo3conf/ext/sr_feuser_register/Resources/Public/JavaScript/jsfunc.updateform75eb.js]
[www.hemstedt.de/en/register.html]
[www.hemstedt.de/en/reset-password/indexa640.html]
[www.hemstedt.de/en/register/index.html]
[www.hemstedt.de/en/reset-password/indexbe9a.html]
[www.hemstedt.de/fileadmin/_processed_/f/1/csm_Hemstedt_Header_Gewerbe_u_I_Meterware_Produktgruppen_Widerstandsheizleitungen_2dcf9e45e7.jpg]
[www.hemstedt.de/fileadmin/user_upload/widerstand.png]
[www.hemstedt.de/fileadmin/_processed_/e/9/csm_1000_Widerstandskabel_04465a6f21.jpg]
[www.hemstedt.de/en/products/trades-and-industry/yard-goods/heating-cables-product-range/resistance-heating-cables/index.html]
[www.hemstedt.de/fileadmin/user_upload/Hemstedt_Header_Parallelheizungen.jpg]
[www.hemstedt.de/fileadmin/_processed_/c/d/csm_parallelheizleitung_9959f0623d.png]
[www.hemstedt.de/en/products/trades-and-industry/yard-goods/heating-cables-product-range/parallel-heating-cable/index.html]
[www.hemstedt.de/fileadmin/_processed_/d/d/csm_Hemstedt_Header_Gewerbe_u_I_Meterware_Produktgruppen_Selbstregulierende_H_c927cdabed.jpg]
[www.hemstedt.de/fileadmin/_processed_/6/4/csm_Selbsregulierendes-Kabel_NEU_5bf1cfa5df.jpg]
[www.hemstedt.de/fileadmin/_processed_/f/c/csm_1000_Parallelleitung_f87b983dd7.jpg]
[www.hemstedt.de/en/products/trades-and-industry/yard-goods/heating-cables-product-range/self-regulating-heating-cables/index.html]
[www.hemstedt.de/fileadmin/user_upload/Hemstedt_Header_Heizkabel_f_G.jpg]
[www.hemstedt.de/fileadmin/_processed_/1/f/csm_heizkabeltrommel_eb3c622e69.jpg]
[www.hemstedt.de/fileadmin/_processed_/2/2/csm_Tiefgarageneinfahrt_1b7d2685f2.jpg]
[www.hemstedt.de/fileadmin/_processed_/8/3/csm_BrueckeBehizt_f009eec182.jpg]
[www.hemstedt.de/en/products/trades-and-industry/yard-goods/heating-cables-product-range/heating-cable-for-mastic-asphalt/index.html]
[www.hemstedt.de/en/contact/contact-form.html]
[www.hemstedt.de/en/register/index.html]
[www.hemstedt.de/en/reset-password/indexbe9a.html]
